// Jest Snapshot v1, https://goo.gl/fbAQLP

exports[`CreateThought should match the snapshot 1`] = `
ShallowWrapper {
  Symbol(enzyme.__root__): [Circular],
  Symbol(enzyme.__unrendered__): <CreateThought />,
  Symbol(enzyme.__renderer__): Object {
    "batchedUpdates": [Function],
    "getNode": [Function],
    "render": [Function],
    "simulateEvent": [Function],
    "unmount": [Function],
  },
  Symbol(enzyme.__node__): Object {
    "instance": null,
    "key": undefined,
    "nodeType": "host",
    "props": Object {
      "children": <form
        onSubmit={[Function]}
>
        <input
                className="inputs"
                name="title"
                onChange={[Function]}
                placeholder="title"
                value=""
        />
        <br />
        <br />
        <input
                className="inputs"
                name="body"
                onChange={[Function]}
                placeholder="body"
                value=""
        />
        <br />
        <br />
        <button
                type="submit"
        >
                Submit
        </button>
</form>,
    },
    "ref": null,
    "rendered": Object {
      "instance": null,
      "key": undefined,
      "nodeType": "host",
      "props": Object {
        "children": Array [
          <input
            className="inputs"
            name="title"
            onChange={[Function]}
            placeholder="title"
            value=""
/>,
          <br />,
          <br />,
          <input
            className="inputs"
            name="body"
            onChange={[Function]}
            placeholder="body"
            value=""
/>,
          <br />,
          <br />,
          <button
            type="submit"
>
            Submit
</button>,
        ],
        "onSubmit": [Function],
      },
      "ref": null,
      "rendered": Array [
        Object {
          "instance": null,
          "key": undefined,
          "nodeType": "host",
          "props": Object {
            "className": "inputs",
            "name": "title",
            "onChange": [Function],
            "placeholder": "title",
            "value": "",
          },
          "ref": null,
          "rendered": null,
          "type": "input",
        },
        Object {
          "instance": null,
          "key": undefined,
          "nodeType": "host",
          "props": Object {},
          "ref": null,
          "rendered": null,
          "type": "br",
        },
        Object {
          "instance": null,
          "key": undefined,
          "nodeType": "host",
          "props": Object {},
          "ref": null,
          "rendered": null,
          "type": "br",
        },
        Object {
          "instance": null,
          "key": undefined,
          "nodeType": "host",
          "props": Object {
            "className": "inputs",
            "name": "body",
            "onChange": [Function],
            "placeholder": "body",
            "value": "",
          },
          "ref": null,
          "rendered": null,
          "type": "input",
        },
        Object {
          "instance": null,
          "key": undefined,
          "nodeType": "host",
          "props": Object {},
          "ref": null,
          "rendered": null,
          "type": "br",
        },
        Object {
          "instance": null,
          "key": undefined,
          "nodeType": "host",
          "props": Object {},
          "ref": null,
          "rendered": null,
          "type": "br",
        },
        Object {
          "instance": null,
          "key": undefined,
          "nodeType": "host",
          "props": Object {
            "children": "Submit",
            "type": "submit",
          },
          "ref": null,
          "rendered": "Submit",
          "type": "button",
        },
      ],
      "type": "form",
    },
    "type": "div",
  },
  Symbol(enzyme.__nodes__): Array [
    Object {
      "instance": null,
      "key": undefined,
      "nodeType": "host",
      "props": Object {
        "children": <form
          onSubmit={[Function]}
>
          <input
                    className="inputs"
                    name="title"
                    onChange={[Function]}
                    placeholder="title"
                    value=""
          />
          <br />
          <br />
          <input
                    className="inputs"
                    name="body"
                    onChange={[Function]}
                    placeholder="body"
                    value=""
          />
          <br />
          <br />
          <button
                    type="submit"
          >
                    Submit
          </button>
</form>,
      },
      "ref": null,
      "rendered": Object {
        "instance": null,
        "key": undefined,
        "nodeType": "host",
        "props": Object {
          "children": Array [
            <input
              className="inputs"
              name="title"
              onChange={[Function]}
              placeholder="title"
              value=""
/>,
            <br />,
            <br />,
            <input
              className="inputs"
              name="body"
              onChange={[Function]}
              placeholder="body"
              value=""
/>,
            <br />,
            <br />,
            <button
              type="submit"
>
              Submit
</button>,
          ],
          "onSubmit": [Function],
        },
        "ref": null,
        "rendered": Array [
          Object {
            "instance": null,
            "key": undefined,
            "nodeType": "host",
            "props": Object {
              "className": "inputs",
              "name": "title",
              "onChange": [Function],
              "placeholder": "title",
              "value": "",
            },
            "ref": null,
            "rendered": null,
            "type": "input",
          },
          Object {
            "instance": null,
            "key": undefined,
            "nodeType": "host",
            "props": Object {},
            "ref": null,
            "rendered": null,
            "type": "br",
          },
          Object {
            "instance": null,
            "key": undefined,
            "nodeType": "host",
            "props": Object {},
            "ref": null,
            "rendered": null,
            "type": "br",
          },
          Object {
            "instance": null,
            "key": undefined,
            "nodeType": "host",
            "props": Object {
              "className": "inputs",
              "name": "body",
              "onChange": [Function],
              "placeholder": "body",
              "value": "",
            },
            "ref": null,
            "rendered": null,
            "type": "input",
          },
          Object {
            "instance": null,
            "key": undefined,
            "nodeType": "host",
            "props": Object {},
            "ref": null,
            "rendered": null,
            "type": "br",
          },
          Object {
            "instance": null,
            "key": undefined,
            "nodeType": "host",
            "props": Object {},
            "ref": null,
            "rendered": null,
            "type": "br",
          },
          Object {
            "instance": null,
            "key": undefined,
            "nodeType": "host",
            "props": Object {
              "children": "Submit",
              "type": "submit",
            },
            "ref": null,
            "rendered": "Submit",
            "type": "button",
          },
        ],
        "type": "form",
      },
      "type": "div",
    },
  ],
  Symbol(enzyme.__options__): Object {
    "adapter": ReactSixteenAdapter {
      "options": Object {
        "enableComponentDidUpdateOnSetState": true,
        "lifecycles": Object {
          "componentDidUpdate": Object {
            "onSetState": true,
          },
          "getSnapshotBeforeUpdate": true,
        },
      },
    },
    "attachTo": undefined,
    "hydrateIn": undefined,
  },
}
`;
